// Jest Snapshot v1, https://goo.gl/fbAQLP

exports[`should match snapshot when all data is passed correctly 1`] = `undefined`;
